// Vitest Snapshot v1, https://vitest.dev/guide/snapshot.html

exports[`IssueForm Object > gatherLabels() 1`] = `undefined`;

exports[`IssueForm Object > get config() 1`] = `
Config {
  "policy": [
    {
      "section": [
        {
          "blockList": [],
          "id": [
            "dropdown",
          ],
          "label": [
            {
              "keys": [
                "label",
              ],
              "name": "label",
            },
          ],
        },
      ],
      "template": [],
    },
  ],
}
`;

exports[`IssueForm Object > get inputs() 1`] = `
Input {
  "blockList": [],
  "issueForm": {},
  "section": "section",
  "template": undefined,
}
`;
