// Vitest Snapshot v1, https://vitest.dev/guide/snapshot.html

exports[`IssueForm Object > gatherLabels() 1`] = `undefined`;

exports[`IssueForm Object > get config() 1`] = `
Config {
  "path": "advanced-issue-labeler.yml",
  "policy": undefined,
}
`;

exports[`IssueForm Object > get inputs() 1`] = `"severity"`;

exports[`IssueForm Object > get inputs() 2`] = `
[
  "",
]
`;

exports[`IssueForm Object > get inputs() 3`] = `""`;

exports[`IssueForm Object > get isConfig() 1`] = `false`;

exports[`IssueForm Object > get isInputs() 1`] = `true`;
